// Jest Snapshot v1, https://goo.gl/fbAQLP

exports[`FavoritePage render correctly FavoritePage with favorite offers 1`] = `
<div
  className="page "
>
  <Header>
    <User
      onLinkEmailClick={[Function]}
    />
  </Header>
  <main
    className="page__main page__main--favorites "
  >
    <div
      className="page__favorites-container container"
    >
      <section
        className="favorites "
      >
        <h1
          className="favorites__title"
        >
          Saved listing
        </h1>
        <ul
          className="favorites__list"
        >
          <FavoriteLocationList
            cityFavoriteOffers={
              Array [
                Object {
                  "accommodation": Object {
                    "bedroomsCount": 1,
                    "features": Array [
                      "Dishwasher",
                      "Towels",
                      "Washer",
                      "Fridge",
                      "Breakfast",
                      "Laptop friendly workspace",
                      "Baby seat",
                      "Air conditioning",
                    ],
                    "guestsLimit": 2,
                    "isPremium": true,
                    "price": 241,
                    "rating": 4.4,
                    "title": "The Joshua Tree House",
                    "type": "room",
                  },
                  "cityLocation": Object {
                    "latitude": 51.225402,
                    "longitude": 6.776314,
                    "zoom": 13,
                  },
                  "coordinates": Array [
                    51.237402,
                    6.797314,
                  ],
                  "description": "This is a place for dreamers to reset, reflect, and create. Designed with a 'slow' pace in mind, our hope is that you enjoy ",
                  "host": Object {
                    "avatar": "img/avatar-angelina.jpg",
                    "isPro": true,
                    "name": "Angelina",
                  },
                  "id": 1,
                  "images": Array [
                    "https://assets.htmlacademy.ru/intensives/javascript-3/hotel/12.jpg",
                    "https://assets.htmlacademy.ru/intensives/javascript-3/hotel/1.jpg",
                    "https://assets.htmlacademy.ru/intensives/javascript-3/hotel/10.jpg",
                  ],
                  "isFavorite": false,
                  "previewImage": "https://assets.htmlacademy.ru/intensives/javascript-3/hotel/6.jpg",
                },
                Object {
                  "accommodation": Object {
                    "bedroomsCount": 2,
                    "features": Array [
                      "Laptop friendly workspace",
                      "Baby seat",
                      "Air conditioning",
                    ],
                    "guestsLimit": 4,
                    "isPremium": false,
                    "price": 300,
                    "rating": 4.5,
                    "title": "The Joshua Tree House",
                    "type": "hotel",
                  },
                  "cityLocation": Object {
                    "latitude": 51.225402,
                    "longitude": 6.776314,
                    "zoom": 13,
                  },
                  "coordinates": Array [
                    51.247402,
                    6.777314,
                  ],
                  "description": "This is a place for dreamers to reset, reflect, and create. Designed with a 'slow' pace in mind, our hope is that you ",
                  "host": Object {
                    "avatar": "img/avatar-angelina.jpg",
                    "isPro": true,
                    "name": "Angelina",
                  },
                  "id": 2,
                  "images": Array [
                    "https://assets.htmlacademy.ru/intensives/javascript-3/hotel/12.jpg",
                    "https://assets.htmlacademy.ru/intensives/javascript-3/hotel/1.jpg",
                    "https://assets.htmlacademy.ru/intensives/javascript-3/hotel/10.jpg",
                    "https://assets.htmlacademy.ru/intensives/javascript-3/hotel/15.jpg",
                    "https://assets.htmlacademy.ru/intensives/javascript-3/hotel/2.jpg",
                    "https://assets.htmlacademy.ru/intensives/javascript-3/hotel/5.jpg",
                  ],
                  "isFavorite": true,
                  "previewImage": "https://assets.htmlacademy.ru/intensives/javascript-3/hotel/6.jpg",
                },
              ]
            }
          />
        </ul>
      </section>
    </div>
  </main>
  <footer
    className="footer container"
  >
    <a
      className="footer__logo-link"
      href="/"
    >
      <img
        alt="6 cities logo"
        className="footer__logo"
        height="33"
        src="img/logo.svg"
        width="64"
      />
    </a>
  </footer>
</div>
`;

exports[`FavoritePage render correctly FavoritePage without favorite offers 1`] = `
<div
  className="page page--favorites-empty"
>
  <Header>
    <User
      onLinkEmailClick={[Function]}
    />
  </Header>
  <main
    className="page__main page__main--favorites page__main--favorites-empty"
  >
    <div
      className="page__favorites-container container"
    >
      <section
        className="favorites favorites--empty"
      >
        <h1
          className="visually-hidden"
        >
          Favorites (empty)
        </h1>
        <div
          className="favorites__status-wrapper"
        >
          <b
            className="favorites__status"
          >
            Nothing yet saved.
          </b>
          <p
            className="favorites__status-description"
          >
            Save properties to narrow down search or plan yor future trips.
          </p>
        </div>
      </section>
    </div>
  </main>
  <footer
    className="footer container"
  >
    <a
      className="footer__logo-link"
      href="/"
    >
      <img
        alt="6 cities logo"
        className="footer__logo"
        height="33"
        src="img/logo.svg"
        width="64"
      />
    </a>
  </footer>
</div>
`;
