// Jest Snapshot v1, https://goo.gl/fbAQLP

exports[`App render correctly 1`] = `
<MainPage
  city="Dusseldorf"
  offers={
    Array [
      Object {
        "accommodation": Object {
          "bedroomsCount": 0,
          "features": Array [],
          "guestsLimit": 0,
          "isPremium": true,
          "price": 0,
          "rating": 0,
          "title": "",
          "type": "",
        },
        "city": "",
        "cityLocation": Object {
          "latitude": 0,
          "longitude": 0,
          "zoom": 0,
        },
        "coordinates": Array [
          0,
          0,
        ],
        "description": "",
        "host": Object {
          "avatar": "",
          "isPro": true,
          "name": "",
        },
        "id": 1,
        "images": Array [],
        "isFavorite": true,
        "previewImage": "",
      },
      Object {
        "accommodation": Object {
          "bedroomsCount": 0,
          "features": Array [],
          "guestsLimit": 0,
          "isPremium": true,
          "price": 0,
          "rating": 0,
          "title": "",
          "type": "",
        },
        "city": "",
        "cityLocation": Object {
          "latitude": 0,
          "longitude": 0,
          "zoom": 0,
        },
        "coordinates": Array [
          0,
          0,
        ],
        "description": "",
        "host": Object {
          "avatar": "",
          "isPro": true,
          "name": "",
        },
        "id": 1,
        "images": Array [],
        "isFavorite": true,
        "previewImage": "",
      },
    ]
  }
  onFavoriteButtonClick={[Function]}
  onLinkEmailClick={[Function]}
/>
`;
