// Jest Snapshot v1, https://goo.gl/fbAQLP

exports[`MainPage render correctly MainPage with offers 1`] = `
<div
  className="page page--gray page--main"
>
  <Header>
    <User
      onLinkEmailClick={[Function]}
    />
  </Header>
  <main
    className="page__main page__main--index "
  >
    <h1
      className="visually-hidden"
    >
      Cities
    </h1>
    <div
      className="tabs"
    >
      <section
        className="locations container"
      >
        <CityList />
      </section>
    </div>
    <div
      className="cities"
    >
      <div
        className="cities__places-container  container"
      >
        <section
          className="cities__places places"
        >
          <h2
            className="visually-hidden"
          >
            Places
          </h2>
          <b
            className="places__found"
          >
            3
             places to stay in 
            Amsterdam
          </b>
          <Sorting />
          <PlaceCardList
            offers={
              Array [
                Object {
                  "accommodation": Object {
                    "bedroomsCount": 0,
                    "features": Array [],
                    "guestsLimit": 0,
                    "isPremium": true,
                    "price": 241,
                    "rating": 4.4,
                    "title": "The Joshua Tree House",
                    "type": "room",
                  },
                  "city": "",
                  "cityLocation": Object {
                    "latitude": 0,
                    "longitude": 0,
                    "zoom": 0,
                  },
                  "coordinates": Array [
                    0,
                    0,
                  ],
                  "description": "",
                  "host": Object {
                    "avatar": "",
                    "isPro": true,
                    "name": "",
                  },
                  "id": 1,
                  "images": Array [],
                  "isFavorite": false,
                  "previewImage": "https://assets.htmlacademy.ru/intensives/javascript-3/hotel/6.jpg",
                },
                Object {
                  "accommodation": Object {
                    "bedroomsCount": 0,
                    "features": Array [],
                    "guestsLimit": 0,
                    "isPremium": true,
                    "price": 241,
                    "rating": 4.4,
                    "title": "The Joshua Tree House",
                    "type": "room",
                  },
                  "city": "",
                  "cityLocation": Object {
                    "latitude": 0,
                    "longitude": 0,
                    "zoom": 0,
                  },
                  "coordinates": Array [
                    0,
                    0,
                  ],
                  "description": "",
                  "host": Object {
                    "avatar": "",
                    "isPro": true,
                    "name": "",
                  },
                  "id": 2,
                  "images": Array [],
                  "isFavorite": false,
                  "previewImage": "https://assets.htmlacademy.ru/intensives/javascript-3/hotel/6.jpg",
                },
                Object {
                  "accommodation": Object {
                    "bedroomsCount": 0,
                    "features": Array [],
                    "guestsLimit": 0,
                    "isPremium": true,
                    "price": 241,
                    "rating": 4.4,
                    "title": "The Joshua Tree House",
                    "type": "room",
                  },
                  "city": "",
                  "cityLocation": Object {
                    "latitude": 0,
                    "longitude": 0,
                    "zoom": 0,
                  },
                  "coordinates": Array [
                    0,
                    0,
                  ],
                  "description": "",
                  "host": Object {
                    "avatar": "",
                    "isPro": true,
                    "name": "",
                  },
                  "id": 3,
                  "images": Array [],
                  "isFavorite": true,
                  "previewImage": "https://assets.htmlacademy.ru/intensives/javascript-3/hotel/6.jpg",
                },
              ]
            }
            onFavoriteButtonClick={[Function]}
            typePage="main"
          />
        </section>
        <div
          className="cities__right-section"
        >
          <Map
            city="Amsterdam"
            typePage="main"
          />
        </div>
      </div>
    </div>
  </main>
</div>
`;

exports[`MainPage render correctly MainPage without offers 1`] = `
<div
  className="page page--gray page--main"
>
  <Header>
    <User
      onLinkEmailClick={[Function]}
    />
  </Header>
  <main
    className="page__main page__main--index page__main--index-empty"
  >
    <h1
      className="visually-hidden"
    >
      Cities
    </h1>
    <div
      className="tabs"
    >
      <section
        className="locations container"
      >
        <CityList />
      </section>
    </div>
    <div
      className="cities"
    >
      <div
        className="cities__places-container cities__places-container--empty container"
      >
        <section
          className="cities__no-places"
        >
          <div
            className="cities__status-wrapper tabs__content"
          >
            <b
              className="cities__status"
            >
              No places to stay available
            </b>
            <p
              className="cities__status-description"
            >
              We could not find any property available at the moment in 
              Amsterdam
            </p>
          </div>
        </section>
        <div
          className="cities__right-section"
        >
          
        </div>
      </div>
    </div>
  </main>
</div>
`;
